[0m20:11:28.930643 [debug] [MainThread]: Sending event: {'category': 'dbt', 'action': 'invocation', 'label': 'start', 'context': [<snowplow_tracker.self_describing_json.SelfDescribingJson object at 0x00000285E850DEB0>, <snowplow_tracker.self_describing_json.SelfDescribingJson object at 0x00000285EB0D6780>, <snowplow_tracker.self_describing_json.SelfDescribingJson object at 0x00000285EA62B3B0>]}


============================== 20:11:28.942291 | 57eb96f8-9a54-4820-9c19-3877cdedb9fd ==============================
[0m20:11:28.942291 [info ] [MainThread]: Running with dbt=1.12.2
[0m20:11:28.942291 [debug] [MainThread]: running dbt with arguments {'static_parser': 'True', 'no_print': 'None', 'maximum_seed_size_mib': '1', 'target_path': 'None', 'version_check': 'True', 'warn_error_options': 'WarnErrorOptionsV2(error=[], warn=[], silence=[])', 'printer_width': '80', 'write_json': 'True', 'empty': 'None', 'log_cache_events': 'False', 'introspect': 'True', 'cache_selected_only': 'False', 'log_format': 'default', 'debug': 'False', 'fail_fast': 'False', 'profiles_dir': 'C:\\Users\\harsh\\.dbt', 'send_anonymous_usage_stats': 'True', 'quiet': 'False', 'warn_error': 'None', 'partial_parse': 'True', 'invocation_command': 'dbt init', 'hints_enabled': 'True', 'use_colors': 'True', 'use_experimental_parser': 'False', 'indirect_selection': 'eager', 'log_path': 'logs'}
[0m20:11:36.906452 [debug] [MainThread]: Starter project path: C:\Users\harsh\Desktop\Aviation\.venv\Lib\site-packages\dbt\include\starter_project
[0m20:11:40.390072 [info ] [MainThread]: Setting up your profile.
[0m20:11:45.501831 [debug] [MainThread]: Snowflake adapter: Setting snowflake.connector to ERROR (file logging only)
[0m20:11:45.503851 [debug] [MainThread]: Snowflake adapter: Setting botocore to ERROR (file logging only)
[0m20:11:45.503851 [debug] [MainThread]: Snowflake adapter: Setting boto3 to ERROR (file logging only)
[0m20:15:24.250432 [info ] [MainThread]: Profile aviation written to C:\Users\harsh\.dbt\profiles.yml using target's profile_template.yml and your supplied values.
[0m20:15:24.254430 [info ] [MainThread]: Running dbt debug to validate the project...
[0m20:15:24.255448 [info ] [MainThread]: dbt version: 1.12.2
[0m20:15:24.256212 [info ] [MainThread]: python version: 3.12.10
[0m20:15:24.256579 [info ] [MainThread]: python path: C:\Users\harsh\Desktop\Aviation\.venv\Scripts\python.exe
[0m20:15:24.256579 [info ] [MainThread]: os info: Windows-11-10.0.26200-SP0
[0m20:15:24.406381 [info ] [MainThread]: Using profiles dir at C:\Users\harsh\.dbt
[0m20:15:24.408399 [info ] [MainThread]: Using profiles.yml file at C:\Users\harsh\.dbt\profiles.yml
[0m20:15:24.408399 [info ] [MainThread]: Using dbt_project.yml file at C:\Users\harsh\Desktop\Aviation\dbt\aviation\dbt_project.yml
[0m20:15:24.410417 [info ] [MainThread]: adapter type: snowflake
[0m20:15:24.410417 [info ] [MainThread]: adapter version: 1.12.0
[0m20:15:24.499858 [info ] [MainThread]: Configuration:
[0m20:15:24.499858 [info ] [MainThread]:   profiles.yml file [[32mOK found and valid[0m]
[0m20:15:24.501871 [info ] [MainThread]:   dbt_project.yml file [[32mOK found and valid[0m]
[0m20:15:24.501871 [info ] [MainThread]: Required dependencies:
[0m20:15:24.501871 [debug] [MainThread]: Executing "git --help"
[0m20:15:24.548238 [debug] [MainThread]: STDOUT: "b"usage: git [-v | --version] [-h | --help] [-C <path>] [-c <name>=<value>]\n           [--exec-path[=<path>]] [--html-path] [--man-path] [--info-path]\n           [-p | --paginate | -P | --no-pager] [--no-replace-objects] [--no-lazy-fetch]\n           [--no-optional-locks] [--no-advice] [--bare] [--git-dir=<path>]\n           [--work-tree=<path>] [--namespace=<name>] [--config-env=<name>=<envvar>]\n           <command> [<args>]\n\nThese are common Git commands used in various situations:\n\nstart a working area (see also: git help tutorial)\n   clone      Clone a repository into a new directory\n   init       Create an empty Git repository or reinitialize an existing one\n\nwork on the current change (see also: git help everyday)\n   add        Add file contents to the index\n   mv         Move or rename a file, a directory, or a symlink\n   restore    Restore working tree files\n   rm         Remove files from the working tree and from the index\n\nexamine the history and state (see also: git help revisions)\n   bisect     Use binary search to find the commit that introduced a bug\n   diff       Show changes between commits, commit and working tree, etc\n   grep       Print lines matching a pattern\n   log        Show commit logs\n   show       Show various types of objects\n   status     Show the working tree status\n\ngrow, mark and tweak your common history\n   backfill   Download missing objects in a partial clone\n   branch     List, create, or delete branches\n   commit     Record changes to the repository\n   history    EXPERIMENTAL: Rewrite history\n   merge      Join two or more development histories together\n   rebase     Reapply commits on top of another base tip\n   reset      Set `HEAD` or the index to a known state\n   switch     Switch branches\n   tag        Create, list, delete or verify tags\n\ncollaborate (see also: git help workflows)\n   fetch      Download objects and refs from another repository\n   pull       Fetch from and integrate with another repository or a local branch\n   push       Update remote refs along with associated objects\n\n'git help -a' and 'git help -g' list available subcommands and some\nconcept guides. See 'git help <command>' or 'git help <concept>'\nto read about a specific subcommand or concept.\nSee 'git help git' for an overview of the system.\n""
[0m20:15:24.548238 [debug] [MainThread]: STDERR: "b''"
[0m20:15:24.548238 [info ] [MainThread]:  - git [[32mOK found[0m]

[0m20:15:24.548238 [info ] [MainThread]: Connection:
[0m20:15:24.548238 [info ] [MainThread]:   account: BDYOBAA-QS35730
[0m20:15:24.550254 [info ] [MainThread]:   user: harshit13
[0m20:15:24.550254 [info ] [MainThread]:   database: AVIATION_DB
[0m20:15:24.550254 [info ] [MainThread]:   warehouse: COMPUTE_WH
[0m20:15:24.550254 [info ] [MainThread]:   role: dev
[0m20:15:24.552273 [info ] [MainThread]:   schema: STAGING
[0m20:15:24.552273 [info ] [MainThread]:   authenticator: None
[0m20:15:24.553292 [info ] [MainThread]:   oauth_client_id: None
[0m20:15:24.553292 [info ] [MainThread]:   query_tag: None
[0m20:15:24.553292 [info ] [MainThread]:   client_session_keep_alive: False
[0m20:15:24.553292 [info ] [MainThread]:   host: None
[0m20:15:24.553292 [info ] [MainThread]:   port: None
[0m20:15:24.555312 [info ] [MainThread]:   proxy_host: None
[0m20:15:24.555766 [info ] [MainThread]:   proxy_port: None
[0m20:15:24.555766 [info ] [MainThread]:   protocol: None
[0m20:15:24.556437 [info ] [MainThread]:   connect_retries: 1
[0m20:15:24.556437 [info ] [MainThread]:   connect_timeout: None
[0m20:15:24.556943 [info ] [MainThread]:   retry_on_database_errors: False
[0m20:15:24.556943 [info ] [MainThread]:   retry_all: False
[0m20:15:24.557643 [info ] [MainThread]:   insecure_mode: False
[0m20:15:24.558058 [info ] [MainThread]:   reuse_connections: True
[0m20:15:24.558517 [info ] [MainThread]:   s3_stage_vpce_dns_name: None
[0m20:15:24.558517 [info ] [MainThread]:   workload_identity_provider: None
[0m20:15:24.558517 [info ] [MainThread]:   workload_identity_entra_resource: None
[0m20:15:24.559823 [info ] [MainThread]:   platform_detection_timeout_seconds: 0.0
[0m20:15:24.560406 [info ] [MainThread]: Registered adapter: snowflake=1.12.0
[0m20:15:25.189826 [debug] [MainThread]: Acquiring new snowflake connection 'debug'
[0m20:15:25.196409 [debug] [MainThread]: Using snowflake connection "debug"
[0m20:15:25.197107 [debug] [MainThread]: On debug: select 1 as id
[0m20:15:25.197107 [debug] [MainThread]: Opening a new connection, currently in state init
[0m20:15:27.476484 [debug] [MainThread]: Snowflake adapter: Error running SQL: select 1 as id
[0m20:15:27.478734 [debug] [MainThread]: Snowflake adapter: Rolling back transaction.
[0m20:15:27.478734 [info ] [MainThread]:   Connection test: [[31mERROR[0m]

[0m20:15:27.480744 [info ] [MainThread]: [31m1 check failed:[0m
[0m20:15:27.481315 [info ] [MainThread]: dbt was unable to connect to the specified database.
The database returned the following error:

  >Database Error
  390189 (08001): Failed to connect to DB: BDYOBAA-QS35730.snowflakecomputing.com:443. Role 'DEV' specified in the connect string does not exist or not authorized. Contact your local system administrator, or attempt to login with another role, e.g. PUBLIC.

Check your database credentials and try again. For more information, visit:
https://docs.getdbt.com/docs/configure-your-profile


[0m20:15:27.482414 [info ] [MainThread]: Your new dbt project "aviation" was created!
Initialized new project in C:\Users\harsh\Desktop\Aviation\dbt\aviation\aviation

For more information on how to configure the profiles.yml file,
please consult the dbt documentation here:

  https://docs.getdbt.com/docs/configure-your-profile

One more thing:

Need help? Don't hesitate to reach out to us via GitHub issues or on Slack:

  https://community.getdbt.com/

Happy modeling!

[0m20:15:27.484318 [info ] [MainThread]: [31mYour profile may need adjustments. You can find the logs of `dbt debug` above[0m
[0m20:15:27.486024 [debug] [MainThread]: Command `dbt init` succeeded at 20:15:27.486024 after 238.79 seconds
[0m20:15:27.488038 [debug] [MainThread]: Connection 'debug' was left open.
[0m20:15:27.488038 [debug] [MainThread]: On debug: No close available on handle
[0m20:15:27.489331 [debug] [MainThread]: Sending event: {'category': 'dbt', 'action': 'invocation', 'label': 'end', 'context': [<snowplow_tracker.self_describing_json.SelfDescribingJson object at 0x00000285E7C01010>, <snowplow_tracker.self_describing_json.SelfDescribingJson object at 0x00000285ECFA07A0>, <snowplow_tracker.self_describing_json.SelfDescribingJson object at 0x00000285EB241EE0>]}
[0m20:15:27.491306 [debug] [MainThread]: Flushing usage events
[0m20:15:29.300966 [debug] [MainThread]: An error was encountered while trying to flush usage events
[0m21:01:24.218021 [debug] [MainThread]: Sending event: {'category': 'dbt', 'action': 'invocation', 'label': 'start', 'context': [<snowplow_tracker.self_describing_json.SelfDescribingJson object at 0x000001B88EBADFD0>, <snowplow_tracker.self_describing_json.SelfDescribingJson object at 0x000001B890CA3440>, <snowplow_tracker.self_describing_json.SelfDescribingJson object at 0x000001B88F73CF20>]}


============================== 21:01:24.227638 | 79b4c2ec-6492-4496-8412-b1be179b5e06 ==============================
[0m21:01:24.227638 [info ] [MainThread]: Running with dbt=1.12.2
[0m21:01:24.227638 [debug] [MainThread]: running dbt with arguments {'version_check': 'True', 'no_print': 'None', 'maximum_seed_size_mib': '1', 'target_path': 'None', 'warn_error_options': 'WarnErrorOptionsV2(error=[], warn=[], silence=[])', 'static_parser': 'True', 'printer_width': '80', 'write_json': 'True', 'introspect': 'True', 'log_cache_events': 'False', 'empty': 'None', 'cache_selected_only': 'False', 'fail_fast': 'False', 'debug': 'False', 'log_format': 'default', 'partial_parse': 'True', 'send_anonymous_usage_stats': 'True', 'quiet': 'False', 'warn_error': 'None', 'profiles_dir': 'C:\\Users\\harsh\\.dbt', 'indirect_selection': 'eager', 'hints_enabled': 'True', 'invocation_command': 'dbt debug', 'use_experimental_parser': 'False', 'use_colors': 'True', 'log_path': 'logs'}
[0m21:01:24.266382 [info ] [MainThread]: dbt version: 1.12.2
[0m21:01:24.266715 [info ] [MainThread]: python version: 3.12.10
[0m21:01:24.267784 [info ] [MainThread]: python path: C:\Users\harsh\Desktop\Aviation\.venv\Scripts\python.exe
[0m21:01:24.268791 [info ] [MainThread]: os info: Windows-11-10.0.26200-SP0
[0m21:01:24.729238 [debug] [MainThread]: Snowflake adapter: Setting snowflake.connector to ERROR (file logging only)
[0m21:01:24.729238 [debug] [MainThread]: Snowflake adapter: Setting botocore to ERROR (file logging only)
[0m21:01:24.729238 [debug] [MainThread]: Snowflake adapter: Setting boto3 to ERROR (file logging only)
[0m21:01:24.825259 [info ] [MainThread]: Error importing adapter: No module named 'dbt.adapters.databricks'
[0m21:01:24.825259 [info ] [MainThread]: Using profiles dir at C:\Users\harsh\.dbt
[0m21:01:24.825259 [info ] [MainThread]: Using profiles.yml file at C:\Users\harsh\.dbt\profiles.yml
[0m21:01:24.825259 [info ] [MainThread]: Using dbt_project.yml file at C:\Users\harsh\Desktop\Aviation\dbt\dbt_project.yml
[0m21:01:24.825259 [info ] [MainThread]: Configuration:
[0m21:01:24.840350 [info ] [MainThread]:   profiles.yml file [[31mERROR invalid[0m]
[0m21:01:24.840949 [info ] [MainThread]:   dbt_project.yml file [[31mERROR not found[0m]
[0m21:01:24.841365 [info ] [MainThread]: Required dependencies:
[0m21:01:24.841365 [debug] [MainThread]: Executing "git --help"
[0m21:01:47.909248 [debug] [MainThread]: STDOUT: "b"usage: git [-v | --version] [-h | --help] [-C <path>] [-c <name>=<value>]\n           [--exec-path[=<path>]] [--html-path] [--man-path] [--info-path]\n           [-p | --paginate | -P | --no-pager] [--no-replace-objects] [--no-lazy-fetch]\n           [--no-optional-locks] [--no-advice] [--bare] [--git-dir=<path>]\n           [--work-tree=<path>] [--namespace=<name>] [--config-env=<name>=<envvar>]\n           <command> [<args>]\n\nThese are common Git commands used in various situations:\n\nstart a working area (see also: git help tutorial)\n   clone      Clone a repository into a new directory\n   init       Create an empty Git repository or reinitialize an existing one\n\nwork on the current change (see also: git help everyday)\n   add        Add file contents to the index\n   mv         Move or rename a file, a directory, or a symlink\n   restore    Restore working tree files\n   rm         Remove files from the working tree and from the index\n\nexamine the history and state (see also: git help revisions)\n   bisect     Use binary search to find the commit that introduced a bug\n   diff       Show changes between commits, commit and working tree, etc\n   grep       Print lines matching a pattern\n   log        Show commit logs\n   show       Show various types of objects\n   status     Show the working tree status\n\ngrow, mark and tweak your common history\n   backfill   Download missing objects in a partial clone\n   branch     List, create, or delete branches\n   commit     Record changes to the repository\n   history    EXPERIMENTAL: Rewrite history\n   merge      Join two or more development histories together\n   rebase     Reapply commits on top of another base tip\n   reset      Set `HEAD` or the index to a known state\n   switch     Switch branches\n   tag        Create, list, delete or verify tags\n\ncollaborate (see also: git help workflows)\n   fetch      Download objects and refs from another repository\n   pull       Fetch from and integrate with another repository or a local branch\n   push       Update remote refs along with associated objects\n\n'git help -a' and 'git help -g' list available subcommands and some\nconcept guides. See 'git help <command>' or 'git help <concept>'\nto read about a specific subcommand or concept.\nSee 'git help git' for an overview of the system.\n""
[0m21:01:47.909248 [debug] [MainThread]: STDERR: "b''"
[0m21:01:47.909248 [info ] [MainThread]:  - git [[32mOK found[0m]

[0m21:01:47.909248 [info ] [MainThread]: Connection test skipped since no profile was found
[0m21:01:47.909248 [info ] [MainThread]: [31m2 checks failed:[0m
[0m21:01:47.909248 [info ] [MainThread]: Could not load dbt_project.yml
Profile loading failed for the following reason:
Runtime Error
  Credentials in profile "dbt_tut", target "dev" invalid: Runtime Error
    Could not find adapter type databricks!


[0m21:01:47.909248 [info ] [MainThread]: Project loading failed for the following reason:
 project path <C:\Users\harsh\Desktop\Aviation\dbt\dbt_project.yml> not found

[0m21:01:47.909248 [debug] [MainThread]: Command `dbt debug` failed at 21:01:47.909248 after 24.09 seconds
[0m21:01:47.909248 [debug] [MainThread]: Sending event: {'category': 'dbt', 'action': 'invocation', 'label': 'end', 'context': [<snowplow_tracker.self_describing_json.SelfDescribingJson object at 0x000001B893479BB0>, <snowplow_tracker.self_describing_json.SelfDescribingJson object at 0x000001B89357B080>, <snowplow_tracker.self_describing_json.SelfDescribingJson object at 0x000001B894A49A00>]}
[0m21:01:47.909248 [debug] [MainThread]: Flushing usage events
[0m21:01:49.294350 [debug] [MainThread]: An error was encountered while trying to flush usage events
